[INFO] Scanning for projects...
[INFO] 
[INFO] ------------------< com.example:JobOfferMicroservice >------------------
[INFO] Building  0.0.1-SNAPSHOT
[INFO] --------------------------------[ jar ]---------------------------------
[INFO] 
[INFO] --- maven-clean-plugin:3.4.1:clean (default-clean) @ JobOfferMicroservice ---
[INFO] Deleting /home/svm/Documents/JavaProject/JobOfferMicroservice/target
[INFO] 
[INFO] >>> spring-boot-maven-plugin:3.5.14:run (default-cli) > test-compile @ JobOfferMicroservice >>>
[INFO] 
[INFO] --- maven-resources-plugin:3.3.1:resources (default-resources) @ JobOfferMicroservice ---
[INFO] Copying 1 resource from src/main/resources to target/classes
[INFO] Copying 1 resource from src/main/resources to target/classes
[INFO] 
[INFO] --- maven-compiler-plugin:3.14.1:compile (default-compile) @ JobOfferMicroservice ---
[INFO] Recompiling the module because of changed source code.
[INFO] Compiling 26 source files with javac [debug parameters release 21] to target/classes
[INFO] 
[INFO] --- maven-resources-plugin:3.3.1:testResources (default-testResources) @ JobOfferMicroservice ---
[INFO] skip non existing resourceDirectory /home/svm/Documents/JavaProject/JobOfferMicroservice/src/test/resources
[INFO] 
[INFO] --- maven-compiler-plugin:3.14.1:testCompile (default-testCompile) @ JobOfferMicroservice ---
[INFO] Recompiling the module because of changed dependency.
[INFO] Compiling 1 source file with javac [debug parameters release 21] to target/test-classes
[INFO] 
[INFO] <<< spring-boot-maven-plugin:3.5.14:run (default-cli) < test-compile @ JobOfferMicroservice <<<
[INFO] 
[INFO] 
[INFO] --- spring-boot-maven-plugin:3.5.14:run (default-cli) @ JobOfferMicroservice ---
[INFO] Attaching agents: []

  .   ____          _            __ _ _
 /\\ / ___'_ __ _ _(_)_ __  __ _ \ \ \ \
( ( )\___ | '_ | '_| | '_ \/ _` | \ \ \ \
 \\/  ___)| |_)| | | | | || (_| |  ) ) ) )
  '  |____| .__|_| |_|_| |_\__, | / / / /
 =========|_|==============|___/=/_/_/_/

 :: Spring Boot ::               (v3.5.14)

2026-06-10T20:44:39.855+02:00  INFO 622557 --- [           main] c.e.J.JobOfferMicroserviceApplication    : Starting JobOfferMicroserviceApplication using Java 21.0.11 with PID 622557 (/home/svm/Documents/JavaProject/JobOfferMicroservice/target/classes started by svm in /home/svm/Documents/JavaProject/JobOfferMicroservice)
2026-06-10T20:44:39.859+02:00  INFO 622557 --- [           main] c.e.J.JobOfferMicroserviceApplication    : No active profile set, falling back to 1 default profile: "default"
2026-06-10T20:44:40.478+02:00  INFO 622557 --- [           main] .s.d.r.c.RepositoryConfigurationDelegate : Bootstrapping Spring Data JPA repositories in DEFAULT mode.
2026-06-10T20:44:40.504+02:00  INFO 622557 --- [           main] .s.d.r.c.RepositoryConfigurationDelegate : Finished Spring Data repository scanning in 16 ms. Found 0 JPA repository interfaces.
2026-06-10T20:44:41.172+02:00  INFO 622557 --- [           main] o.s.b.w.embedded.tomcat.TomcatWebServer  : Tomcat initialized with port 8080 (http)
2026-06-10T20:44:41.192+02:00  INFO 622557 --- [           main] o.apache.catalina.core.StandardService   : Starting service [Tomcat]
2026-06-10T20:44:41.192+02:00  INFO 622557 --- [           main] o.apache.catalina.core.StandardEngine    : Starting Servlet engine: [Apache Tomcat/10.1.54]
2026-06-10T20:44:41.264+02:00  INFO 622557 --- [           main] o.a.c.c.C.[Tomcat].[localhost].[/]       : Initializing Spring embedded WebApplicationContext
2026-06-10T20:44:41.267+02:00  INFO 622557 --- [           main] w.s.c.ServletWebServerApplicationContext : Root WebApplicationContext: initialization completed in 1369 ms
2026-06-10T20:44:41.560+02:00  INFO 622557 --- [           main] com.zaxxer.hikari.HikariDataSource       : HikariPool-1 - Starting...
2026-06-10T20:44:41.711+02:00  INFO 622557 --- [           main] com.zaxxer.hikari.pool.HikariPool        : HikariPool-1 - Added connection org.postgresql.jdbc.PgConnection@1b7f06c7
2026-06-10T20:44:41.713+02:00  INFO 622557 --- [           main] com.zaxxer.hikari.HikariDataSource       : HikariPool-1 - Start completed.
2026-06-10T20:44:41.744+02:00  INFO 622557 --- [           main] org.flywaydb.core.FlywayExecutor         : Database: jdbc:postgresql://localhost:5432/joboffers (PostgreSQL 16.14)
2026-06-10T20:44:41.827+02:00  INFO 622557 --- [           main] o.f.core.internal.command.DbValidate     : Successfully validated 1 migration (execution time 00:00.047s)
2026-06-10T20:44:41.880+02:00  INFO 622557 --- [           main] o.f.core.internal.command.DbMigrate      : Current version of schema "public": 1
2026-06-10T20:44:41.884+02:00  INFO 622557 --- [           main] o.f.core.internal.command.DbMigrate      : Schema "public" is up to date. No migration necessary.
2026-06-10T20:44:42.104+02:00  INFO 622557 --- [           main] o.hibernate.jpa.internal.util.LogHelper  : HHH000204: Processing PersistenceUnitInfo [name: default]
2026-06-10T20:44:42.163+02:00  INFO 622557 --- [           main] org.hibernate.Version                    : HHH000412: Hibernate ORM core version 6.6.49.Final
2026-06-10T20:44:42.193+02:00  INFO 622557 --- [           main] o.h.c.internal.RegionFactoryInitiator    : HHH000026: Second-level cache disabled
2026-06-10T20:44:42.425+02:00  INFO 622557 --- [           main] o.s.o.j.p.SpringPersistenceUnitInfo      : No LoadTimeWeaver setup: ignoring JPA class transformer
2026-06-10T20:44:42.507+02:00  INFO 622557 --- [           main] org.hibernate.orm.connections.pooling    : HHH10001005: Database info:
	Database JDBC URL [Connecting through datasource 'HikariDataSource (HikariPool-1)']
	Database driver: undefined/unknown
	Database version: 16.14
	Autocommit mode: undefined/unknown
	Isolation level: undefined/unknown
	Minimum pool size: undefined/unknown
	Maximum pool size: undefined/unknown
2026-06-10T20:44:42.829+02:00  INFO 622557 --- [           main] o.h.e.t.j.p.i.JtaPlatformInitiator       : HHH000489: No JTA platform available (set 'hibernate.transaction.jta.platform' to enable JTA platform integration)
2026-06-10T20:44:42.834+02:00  INFO 622557 --- [           main] j.LocalContainerEntityManagerFactoryBean : Initialized JPA EntityManagerFactory for persistence unit 'default'
2026-06-10T20:44:42.888+02:00  WARN 622557 --- [           main] JpaBaseConfiguration$JpaWebConfiguration : spring.jpa.open-in-view is enabled by default. Therefore, database queries may be performed during view rendering. Explicitly configure spring.jpa.open-in-view to disable this warning
2026-06-10T20:44:42.988+02:00 DEBUG 622557 --- [           main] s.w.s.m.m.a.RequestMappingHandlerMapping : 2 mappings in 'requestMappingHandlerMapping'
2026-06-10T20:44:43.108+02:00 DEBUG 622557 --- [           main] o.s.w.s.handler.SimpleUrlHandlerMapping  : Patterns [/webjars/**, /**] in 'resourceHandlerMapping'
2026-06-10T20:44:43.144+02:00 DEBUG 622557 --- [           main] s.w.s.m.m.a.RequestMappingHandlerAdapter : ControllerAdvice beans: 0 @ModelAttribute, 0 @InitBinder, 1 RequestBodyAdvice, 1 ResponseBodyAdvice
2026-06-10T20:44:43.197+02:00 DEBUG 622557 --- [           main] .m.m.a.ExceptionHandlerExceptionResolver : ControllerAdvice beans: 0 @ExceptionHandler, 1 ResponseBodyAdvice
2026-06-10T20:44:43.424+02:00  INFO 622557 --- [           main] o.s.b.w.embedded.tomcat.TomcatWebServer  : Tomcat started on port 8080 (http) with context path '/'
2026-06-10T20:44:43.444+02:00  INFO 622557 --- [           main] c.e.J.JobOfferMicroserviceApplication    : Started JobOfferMicroserviceApplication in 4.162 seconds (process running for 4.474)
2026-06-10T20:55:21.621+02:00  INFO 622557 --- [ionShutdownHook] o.s.b.w.e.tomcat.GracefulShutdown        : Commencing graceful shutdown. Waiting for active requests to complete
2026-06-10T20:55:21.626+02:00  INFO 622557 --- [tomcat-shutdown] o.s.b.w.e.tomcat.GracefulShutdown        : Graceful shutdown complete
2026-06-10T20:55:21.632+02:00  INFO 622557 --- [ionShutdownHook] j.LocalContainerEntityManagerFactoryBean : Closing JPA EntityManagerFactory for persistence unit 'default'
2026-06-10T20:55:21.636+02:00  INFO 622557 --- [ionShutdownHook] com.zaxxer.hikari.HikariDataSource       : HikariPool-1 - Shutdown initiated...
2026-06-10T20:55:21.641+02:00  INFO 622557 --- [ionShutdownHook] com.zaxxer.hikari.HikariDataSource       : HikariPool-1 - Shutdown completed.
[INFO] ------------------------------------------------------------------------
[INFO] BUILD FAILURE
[INFO] ------------------------------------------------------------------------
[INFO] Total time:  10:45 min
[INFO] Finished at: 2026-06-10T20:55:21+02:00
[INFO] ------------------------------------------------------------------------
[ERROR] Failed to execute goal org.springframework.boot:spring-boot-maven-plugin:3.5.14:run (default-cli) on project JobOfferMicroservice: Process terminated with exit code: 143 -> [Help 1]
[ERROR] 
[ERROR] To see the full stack trace of the errors, re-run Maven with the -e switch.
[ERROR] Re-run Maven using the -X switch to enable full debug logging.
[ERROR] 
[ERROR] For more information about the errors and possible solutions, please read the following articles:
[ERROR] [Help 1] http://cwiki.apache.org/confluence/display/MAVEN/MojoExecutionException
